[backblue.gif]
[fade.gif]
[index.html]
[ajax.googleapis.com/ajax/libs/jquery/1.12.4/jquery.min.js]
[connect.facebook.net/en_US/fbevents.js]
[www.globalcu.org/images/email_logo.jpg]
[www.globalcu.org/images/globalCU_logo.png]
[www.google-analytics.com/analytics.js]
[www.globalcu.org/images/sliders/eVelocity_slider.jpg]
[www.globalcu.org/images/sliders/HomeLoans_slider.jpg]
[www.globalcu.org/images/sliders/creditcard_slider.jpg]
[www.globalcu.org/images/sliders/autoloan_slider.jpg]
[www.globalcu.org/images/mini/HealthNov17_mini.jpg]
[www.globalcu.org/images/mini/reward_mini.jpg]
[www.globalcu.org/images/mini/DigitalSuite_mini.jpg]
[www.globalcu.org/images/mini/insurance_mini.jpg]
[www.globalcu.org/images/mini/sprint_mini.gif]
[www.globalcu.org/images/tinytreasure/NickSpanjer.png]
[www.globalcu.org/images/NCUA_white.jpg]
[www.globalcu.org/images/eho.png]
[www.globalcu.org/images/2017-new/apple-badge.png]
[www.globalcu.org/images/2017-new/googlePlay-badge.png]
[www.globalcu.org/index.html]
[www.globalcu.org/style/bootstrap.min.css]
[www.globalcu.org/images/blue_button_arrow.png]
[www.globalcu.org/images/2017-new/feature-set-a.jpg]
[www.globalcu.org/images/become-a-member-bg.jpg]
[www.globalcu.org/images/subfooter-bg.jpg]
[www.globalcu.org/fonts/Global-Credit-Union-Iconsb427.eot]
[www.globalcu.org/fonts/Global-Credit-Union-Iconsb427.ttf]
[www.globalcu.org/images/2017-new/select-dropdown-2.png]
[www.globalcu.org/style/style-update.css]
[www.globalcu.org/images/2017-new/select-dropdown.png]
[www.globalcu.org/style/style-media-queries.css]
[www.globalcu.org/javascript/jquery.mobile.custom.min.js]
[www.globalcu.org/javascript/bootstrap.min.js]
[www.globalcu.org/javascript/cycle.js]
[www.globalcu.org/javascript/javascript.js]
[www.globalcu.org/javascript/events.js]
[www.globalcu.org/javascript/alerts.js]
[connect.facebook.net/en_US/fbevents.js]
[ajax.googleapis.com/ajax/libs/jquery/1.9.1/jquery.min.js]
[ajax.googleapis.com/ajax/libs/jqueryui/1.9.2/jquery-ui.min.js]
[www.fuzeqna.com/globalanswers/js/jslib.js]
[www.fuzeqna.com/globalanswers/js/widgets/sswidget.js]
[www.globalcu.org/images/art/top1.jpg]
[www.globalcu.org/globalanswers/index0f15.html]
[www.googletagmanager.com/gtm5445.html]
[www.globalcu.org/images/art/top7.jpg]
[www.globalcu.org/globalanswers/index4319.html]
[www.globalcu.org/images/art/top3.jpg]
[www.globalcu.org/images/eVelocity_webbanner.jpg]
[www.globalcu.org/images/SharedBranchingNetwork.png]
[www.globalcu.org/images/FinancialResources.png]
[www.globalcu.org/images/FinancialCalculators.png]
[www.globalcu.org/save/index.html]
[www.globalcu.org/images/art/top2.jpg]
[www.globalcu.org/borrow/index.html]
[www.globalcu.org/business/index.html]
[www.globalcu.org/images/Michael_Elizabeth.jpg]
[www.globalcu.org/investments/index.html]
[www.globalcu.org/globalanswers/index5517.html]
[www.globalcu.org/images/art/top4.jpg]
[js.locatorsearch.com/globalcu.js]
[www.globalcu.org/locations/index.html]
[www.globalcu.org/membership/index.html]
[www.globalcu.org/about/index.html]
[www.globalcu.org/contactus/index.html]
[www.fuzeqna.com/globalanswers/js/widgets/searchwidget.js]
[www.globalcu.org/images/art/top5.jpg]
[www.globalcu.org/images/eVelocity_banner.jpg]
[www.globalcu.org/evelocity/index.html]
[www.globalcu.org/images/SwanHL_banner.jpg]
[www.globalcu.org/home/index.html]
[www.globalcu.org/images/HolidayTravelCC.jpg]
[www.globalcu.org/creditcards/index.html]
[www.globalcu.org/images/AutoLoan_lowerrate.jpg]
[www.globalcu.org/auto/index.html]
[secure.ziplineinteractive.com/globalcu/core/files/globalcu/events/08caf4b3324553a089866bd27f47224d.jpg]
[secure.ziplineinteractive.com/globalcu/core/files/globalcu/events/ec2afa4351867a8e4b2f54cdeadd49fd.png]
[secure.ziplineinteractive.com/globalcu/core/files/globalcu/events/b0ea9c2c47641dd44f67d0bfd079f3f1.jpg]
[secure.ziplineinteractive.com/globalcu/core/files/globalcu/events/350f01b52983b5b9451ed2579a492056.jpg]
[www.globalcu.org/community/index.html]
[www.globalcu.org/images/GAT Logo New.jpg]
[www.globalcu.org/features/getawayvacations.html]
[www.globalcu.org/images/RewardBear_banner.jpg]
[www.globalcu.org/rewardchecking/index.html]
[www.globalcu.org/onlineservices/index.html]
[www.globalcu.org/insurance/index.html]
[www.globalcu.org/images/art/top6.jpg]
[www.globalcu.org/sprint/index.html]
[www.globalcu.org/pdf/ScheduleFeesCharges.pdf]
[www.globalcu.org/paymyloan/index.html]
[www.globalcu.org/careers/index.html]
[www.globalcu.org/bumpc124.html]
[www.globalcu.org/bump0215.html]
[www.globalcu.org/bumpc546.html]
[www.globalcu.org/bump60ba.html]
[www.globalcu.org/bumpa80a.html]
[www.globalcu.org/pdf/privacy_notice.pdf]
[www.globalcu.org/terms/index.html]
[www.globalcu.org/globalanswers/index0bca.html]
[www.globalcu.org/images/freecreditreport.png]
[www.globalcu.org/credit/index.html]
[www.globalcu.org/globalanswers/index4f33.html]
[www.globalcu.org/globalanswers/indexc5d2.html]
[www.globalcu.org/fonts/glyphicons-halflings-regular.html]
[www.globalcu.org/fonts/glyphicons-halflings-regulard41d.html]
[www.globalcu.org/fonts/glyphicons-halflings-regular-2.html]
[www.globalcu.org/fonts/glyphicons-halflings-regular-3.html]
[www.globalcu.org/fonts/glyphicons-halflings-regular-4.html]
[www.globalcu.org/fonts/glyphicons-halflings-regular-5.html]
[www.globalcu.org/fonts/Global-Credit-Union-Iconsb427.html]
[www.globalcu.org/fonts/Global-Credit-Union-Iconsb427-2.html]
[www.globalcu.org/Popover requires tooltip.html]
[www.globalcu.org/yourmortgageonline.com/index43ab.html]
[www.globalcu.org/bump5e9c.html]
[www.fuzeqna.com/globalanswers/js/jslib.js]
[www.fuzeqna.com/globalanswers/js/widgets/sswidget.js]
[www.globalcu.org/save/checking.html]
[www.globalcu.org/save/savings_prime.html]
[www.globalcu.org/save/military.html]
[www.globalcu.org/youth/index.html]
[www.globalcu.org/locations/sharedbranching.html]
[www.globalcu.org/balance/index.html]
[www.globalcu.org/borrow/boats_rvs.html]
[www.globalcu.org/personal/index.html]
[www.globalcu.org/relocation/index.html]
[www.globalcu.org/borrow/payment_protection.html]
[www.globalcu.org/business/sharesavings.html]
[www.globalcu.org/business/checking.html]
[www.globalcu.org/business/moneymarket.html]
[www.globalcu.org/business/overdraft.html]
[www.globalcu.org/business/lines_credit.html]
[www.globalcu.org/business/realestate.html]
[www.globalcu.org/business/visa.html]
[www.globalcu.org/business/services.html]
[www.globalcu.org/locations/militarylocations.html]
[www.globalcu.org/extras/index.html]
[www.globalcu.org/switch/index.html]
[www.globalcu.org/newsdesk/index.html]
[www.globalcu.org/images/Principles1.png]
[www.globalcu.org/images/socialmedia/facebook_logo.png]
[www.globalcu.org/images/socialmedia/twitter_logo.png]
[www.globalcu.org/images/socialmedia/linkedin_logo.png]
[www.globalcu.org/images/socialmedia/instagram_logo_blue.png]
[www.globalcu.org/images/socialmedia/vimeo_logo.png]
[www.globalcu.org/images/linebreak.jpg]
[www.globalcu.org/weareglobalcitizens/index.html]
[www.globalcu.org/resources/index.html]
[www.globalcu.org/images/Advocate_horz.jpg]
[www.globalcu.org/cudifference/index.html]
[www.globalcu.org/globalanswers/index346b.html]
[www.globalcu.org/globalanswers/indexbf3f.html]
[www.fuzeqna.com/globalanswers/js/widgets/searchwidget.js]
[www.globalcu.org/save/debit.html]
[www.globalcu.org/overdraft/index.html]
[www.globalcu.org/home/home_equity.html]
[www.globalcu.org/globalanswers/index4a3a.html]
[www.globalcu.org/globalanswers/index255a.html]
[www.globalcu.org/cardbenefits/index.html]
[www.globalcu.org/borrow/gap.html]
[www.globalcu.org/borrow/mechanical.html]
[www.globalcu.org/images/bmw.jpg]
[www.globalcu.org/eutroops/flexible.html]
[secure.ziplineinteractive.com/globalcu/core/files/globalcu/events/b314e2363df2b1201a94e95101eb5bcf.jpg]
[secure.ziplineinteractive.com/globalcu/core/files/globalcu/events/e170562e3e1a8865f34580a60ed76215.png]
[secure.ziplineinteractive.com/globalcu/core/files/globalcu/events/7f9afb71b279c70117abb4a612c1c015.jpg]
[secure.ziplineinteractive.com/globalcu/core/files/globalcu/events/c326a4b637d0225780285645d3f63356.jpg]
[secure.ziplineinteractive.com/globalcu/core/files/globalcu/events/c1b8b7925ead0da0f9e0ac9bf25994ab.jpg]
[www.globalcu.org/community/index8113.html]
[secure.ziplineinteractive.com/globalcu/core/files/globalcu/events/a80fb0709327dc01a9f921de022927cd.png]
[www.globalcu.org/community/index6456.html]
[www.globalcu.org/community/index255a.html]
[www.globalcu.org/community/index778e.html]
[www.globalcu.org/community/index37d9.html]
[www.globalcu.org/community/index6055.html]
[www.globalcu.org/community/index9bff.html]
[www.globalcu.org/community/index349b.html]
[www.globalcu.org/community/index3ede.html]
[www.globalcu.org/community/index5d74.html]
[www.globalcu.org/community/index1c0f.html]
[www.globalcu.org/community/index9908.html]
[www.globalcu.org/community/indexfbbe.html]
[www.globalcu.org/community/index05fd.html]
[www.globalcu.org/community/index29d6.html]
[www.globalcu.org/community/index5189.html]
[www.globalcu.org/community/indexb0b3.html]
[www.globalcu.org/community/indexf3a5.html]
[secure.ziplineinteractive.com/globalcu/core/files/globalcu/events/8c0784d2c9f101c29fc08fda603b519f.jpg]
[www.globalcu.org/community/index6c2f.html]
[www.globalcu.org/community/index07d7.html]
[www.globalcu.org/community/indexe09d.html]
[www.globalcu.org/community/index0a1d.html]
[www.globalcu.org/community/index9cbb.html]
[www.globalcu.org/community/indexa073.html]
[www.globalcu.org/community/indexb6e7.html]
[www.globalcu.org/community/index336e.html]
[www.globalcu.org/community/index4af0.html]
[www.globalcu.org/community/index3832.html]
[www.globalcu.org/community/index4281.html]
[www.globalcu.org/community/index2b01.html]
[www.globalcu.org/community/index36d6.html]
[www.globalcu.org/community/index074a.html]
[www.globalcu.org/community/indexccd1.html]
[www.globalcu.org/community/index5fa3.html]
[www.globalcu.org/community/index53a4.html]
[www.globalcu.org/community/index1427.html]
[www.globalcu.org/community/index4cee.html]
[www.globalcu.org/community/indexf2cd.html]
[www.globalcu.org/community/index3d7d.html]
[www.globalcu.org/community/indexa245.html]
[www.globalcu.org/community/index0993.html]
[www.globalcu.org/community/index9612.html]
[www.globalcu.org/community/index0784.html]
[www.globalcu.org/community/indexf7c1.html]
[www.globalcu.org/community/index82dd.html]
[www.globalcu.org/community/indexb325.html]
[www.globalcu.org/community/indexff6c.html]
[www.globalcu.org/community/indexb655.html]
[www.globalcu.org/community/indexbc43.html]
[www.globalcu.org/community/index8f02.html]
[www.globalcu.org/community/indexbfd2.html]
[www.globalcu.org/community/index3b93.html]
[www.globalcu.org/community/index81aa.html]
[www.globalcu.org/community/index2acf.html]
[www.globalcu.org/community/indexbb01.html]
[www.globalcu.org/community/indexd7c5.html]
[www.globalcu.org/community/indexf840.html]
[www.globalcu.org/community/indexceb9.html]
[www.globalcu.org/community/indexf734.html]
[www.globalcu.org/community/indexf0c5.html]
[www.globalcu.org/community/index4f5f.html]
[www.globalcu.org/community/index84a4.html]
[www.globalcu.org/community/index5b77.html]
[www.globalcu.org/community/index7079.html]
[www.globalcu.org/community/index080d.html]
[www.globalcu.org/community/index3e0e.html]
[www.globalcu.org/community/indexdcec.html]
[www.globalcu.org/community/index2904.html]
[www.globalcu.org/community/index161b.html]
[www.globalcu.org/centsability/index.html]
[www.globalcu.org/resources/college.html]
[www.globalcu.org/fraud_prevention/index.html]
[www.globalcu.org/fraud_prevention/ATMSafety.html]
[www.globalcu.org/fraud_prevention/charityscams.html]
[www.globalcu.org/fraud_prevention/debit_card_fraud.html]
[www.globalcu.org/fraud_prevention/preventidtheft.html]
[www.globalcu.org/fraud_prevention/securebelongings.html]
[www.globalcu.org/auto/autotrips.html]
[www.globalcu.org/auto/exwarranty.html]
[www.globalcu.org/home/equity.html]
[www.globalcu.org/home/equitywork.html]
[www.globalcu.org/home/armdue.html]
[www.globalcu.org/home/fastsale.html]
[www.globalcu.org/home/curbappeal.html]
[www.globalcu.org/home/payofforsave.html]
[www.globalcu.org/credit/checkcredit.html]
[www.globalcu.org/credit/freescore.html]
[www.globalcu.org/credit/tight.html]
[www.globalcu.org/globalanswers/indexb8f5.html]
[www.globalcu.org/images/background.html]
[www.globalcu.org/js/index.html]
[www.globalcu.org/eVelocity/index-2.html]
[www.globalcu.org/save/moneymarket.html]
[www.globalcu.org/disclosures/CertificateTIS.pdf]
[www.globalcu.org/save/certificates.html]
[www.globalcu.org/investments/IRA.html]
[www.globalcu.org/save/healthsavings.html]
[www.globalcu.org/save/presidential.html]
[www.globalcu.org/save/christmas.html]
[www.globalcu.org/wearred/index.html]
[www.globalcu.org/save/locations/sharedbranching.html]
[www.globalcu.org/save/contactus/index.html]
[www.globalcu.org/save/locations/index.html]
[www.globalcu.org/budget/index.html]
[www.globalcu.org/borrow/advantage_assurance.html]
[www.globalcu.org/save/moneymarket_transactions.html]
[www.globalcu.org/locations/locations_atm_mi.html]
[www.globalcu.org/Sprint/index-2.html]
[www.globalcu.org/save/retirement.html]
[www.globalcu.org/usave/index.html]
[www.globalcu.org/weareglobalcitizens/shirtz.html]
[www.globalcu.org/weareglobalcitizens/deviny.html]
[www.globalcu.org/weareglobalcitizens/CMY.html]
[www.globalcu.org/weareglobalcitizens/deadseriouslovers.html]
[www.globalcu.org/weareglobalcitizens/flyingspiders.html]
[www.globalcu.org/weareglobalcitizens/jaeda.html]
[www.globalcu.org/weareglobalcitizens/milonga.html]
[www.globalcu.org/weareglobalcitizens/MonCheri.html]
[www.globalcu.org/weareglobalcitizens/PacificPine.html]
[www.globalcu.org/weareglobalcitizens/stephanie.html]
[www.globalcu.org/weareglobalcitizens/summerinsiberia.html]
[www.globalcu.org/weareglobalcitizens/the45s.html]
[www.globalcu.org/weareglobalcitizens/Wylie.html]
[www.globalcu.org/images/aaron_web.jpg]
[www.globalcu.org/weareglobalcitizens/aaron.html]
[www.globalcu.org/images/Allen_650px_WEB.jpg]
[www.globalcu.org/weareglobalcitizens/Allen.html]
[www.globalcu.org/images/brad_web.jpg]
[www.globalcu.org/weareglobalcitizens/brad.html]
[www.globalcu.org/images/Darcy_web.jpg]
[www.globalcu.org/weareglobalcitizens/darcy.html]
[www.globalcu.org/images/jamin650.jpg]
[www.globalcu.org/weareglobalcitizens/jamin.html]
[www.globalcu.org/weareglobalcitizens/jesse.html]
[www.globalcu.org/images/johndeviny_cardart.jpg]
[www.globalcu.org/weareglobalcitizens/johndeviny.html]
[www.globalcu.org/images/John_xmascard.jpg]
[www.globalcu.org/weareglobalcitizens/john.html]
[www.globalcu.org/images/christmascard_art.jpg]
[www.globalcu.org/weareglobalcitizens/karli.html]
[www.globalcu.org/images/katie_web.jpg]
[www.globalcu.org/weareglobalcitizens/katie.html]
[www.globalcu.org/images/Mariah650.jpg]
[www.globalcu.org/weareglobalcitizens/mariah.html]
[www.globalcu.org/images/nancyisaak_web.jpg]
[www.globalcu.org/weareglobalcitizens/nancy.html]
[www.globalcu.org/images/neicy_650px_WEB.jpg]
[www.globalcu.org/weareglobalcitizens/Neicy.html]
[www.globalcu.org/images/RicGendron_web.jpg]
[www.globalcu.org/weareglobalcitizens/Ric.html]
[www.globalcu.org/images/Ryan650.jpg]
[www.globalcu.org/weareglobalcitizens/ryan.html]
[www.globalcu.org/images/tiffany_2up650px.jpg]
[www.globalcu.org/weareglobalcitizens/tiffany.html]
[www.globalcu.org/images/Darcy_evolution.jpg]
[www.globalcu.org/evolution/index.html]
[www.globalcu.org/images/financialcounselor.png]
[www.globalcu.org/helpinghand/index.html]
[www.globalcu.org/contactus/searchwidget.html]
[www.globalcu.org/contactus/GET.html]
[www.globalcu.org/globalanswers/indexe9c9.html]
[www.globalcu.org/bump2ac5.html]
[www.globalcu.org/bump6376.html]
[www.globalcu.org/bump663f.html]
[secure.ziplineinteractive.com/globalcu/core/files/globalcu/events/1c599c93ffda364e06a19f3c0e9f48fa.jpg]
[secure.ziplineinteractive.com/globalcu/core/files/globalcu/events/2d2c6a43619132fc5cebc649f88c2fdd.jpg]
[secure.ziplineinteractive.com/globalcu/core/files/globalcu/events/4170aaed9e310b4c8db1aabc2c659db6.gif]
[secure.ziplineinteractive.com/globalcu/core/files/globalcu/events/fb4f8e662ba6c50a2e93cdfc396b72fb.png]
[secure.ziplineinteractive.com/globalcu/core/files/globalcu/events/80854732786d5064e3f458951413e333.jpg]
[secure.ziplineinteractive.com/globalcu/core/files/globalcu/events/a0e3b5f2ec2b1b5423f25d4f0bdd94b5.png]
[www.globalcu.org/community/index60f1.html]
[www.globalcu.org/community/index5942.html]
[www.globalcu.org/community/index3ad7.html]
[www.globalcu.org/community/index953b.html]
[www.globalcu.org/community/index1607.html]
[www.globalcu.org/community/index9ca1.html]
[www.globalcu.org/community/indexf699.html]
[www.globalcu.org/community/index1f04.html]
[www.globalcu.org/community/index92f3.html]
[www.globalcu.org/community/indexbced.html]
[www.globalcu.org/community/index606e.html]
[www.globalcu.org/community/indexe258.html]
[www.globalcu.org/community/index3d70.html]
[www.globalcu.org/community/indexb5db.html]
[www.globalcu.org/community/index6886.html]
[www.globalcu.org/community/index86ab.html]
[www.globalcu.org/community/index52b5.html]
[www.globalcu.org/community/index433a.html]
[www.globalcu.org/community/indexea43.html]
[www.globalcu.org/community/index07a7.html]
[www.globalcu.org/community/index55b6.html]
[www.globalcu.org/community/index55f9.html]
[www.globalcu.org/community/index1fe6.html]
[www.globalcu.org/community/index3d02.html]
[www.globalcu.org/community/index64ac.html]
[www.globalcu.org/community/indexe6f2.html]
[www.globalcu.org/community/index866f.html]
[www.globalcu.org/community/index82a2.html]
[www.globalcu.org/community/indexa27f.html]
[www.globalcu.org/community/index6577.html]
[www.globalcu.org/community/index426d.html]
[www.globalcu.org/community/indexba40.html]
[www.globalcu.org/community/index496b.html]
[www.globalcu.org/community/indexc8a2.html]
[www.globalcu.org/community/indexe1df.html]
[www.globalcu.org/community/index2c91.html]
[www.globalcu.org/community/indexd109.html]
[www.globalcu.org/community/index259c.html]
[www.globalcu.org/community/index8c08.html]
[www.globalcu.org/community/index7050.html]
[www.globalcu.org/community/indexd214.html]
[www.globalcu.org/community/indexe0dc.html]
[www.globalcu.org/community/index8673.html]
[www.globalcu.org/community/index3367.html]
[www.globalcu.org/community/index8f93.html]
[www.globalcu.org/community/indexb32b.html]
[www.globalcu.org/community/indexd77d.html]
[www.globalcu.org/community/indexa45c.html]
[www.globalcu.org/community/indexc3c4.html]
[www.globalcu.org/community/index96b4.html]
[www.globalcu.org/community/index256d.html]
[www.globalcu.org/community/index0693.html]
[www.globalcu.org/community/index6965.html]
[www.globalcu.org/features/chargeback.html]
[www.globalcu.org/features/collegeboundtips.html]
[www.globalcu.org/features/529plans.html]
[www.globalcu.org/features/guidetofinaid.html]
[www.globalcu.org/features/coverdell.html]
[www.globalcu.org/features/beyondtuition.html]
[www.globalcu.org/features/smartoncampus.html]
[www.globalcu.org/bump1730.html]
[www.globalcu.org/features/roommates.html]
[www.globalcu.org/bump21b7.html]
[www.globalcu.org/bump6942.html]
[www.globalcu.org/fraud_prevention/fraud_dictionary.html]
[www.globalcu.org/bump6992.html]
[www.globalcu.org/bump41da.html]
[www.globalcu.org/onlineservices/business_epay.html]
[www.globalcu.org/weareglobalcitizens/StartRightHere_V2.html]
[www.globalcu.org/weareglobalcitizens/info@stephaniemusic.html]
[www.globalcu.org/bumpce23.html]
[secure.ziplineinteractive.com/globalcu/core/files/globalcu/events/2c6344f26ad5c2cc6ea931bed2635b71.png]
[secure.ziplineinteractive.com/globalcu/core/files/globalcu/events/c04b1869789d9447fba6aec862dc34b9.jpg]
[secure.ziplineinteractive.com/globalcu/core/files/globalcu/events/2b05c83c3f089f15628a15288d2ccfad.jpg]
[secure.ziplineinteractive.com/globalcu/core/files/globalcu/events/2329c3f0513d35315ba7cb48e5543d6f.png]
[secure.ziplineinteractive.com/globalcu/core/files/globalcu/events/6cace6054dfdf998d26fcd6c60f597dd.jpg]
[secure.ziplineinteractive.com/globalcu/core/files/globalcu/events/330b039a3eccd077a0a23edfc48b4df9.png]
[www.globalcu.org/community/indexf208.html]
[www.globalcu.org/community/indexa0d9.html]
[www.globalcu.org/community/indexe776.html]
[www.globalcu.org/community/indexb8a6.html]
[www.globalcu.org/community/indexfca0.html]
[www.globalcu.org/community/indexc571.html]
[www.globalcu.org/community/indexa37c.html]
[www.globalcu.org/community/indexcab8.html]
[www.globalcu.org/community/indexd200.html]
[www.globalcu.org/community/indexde82.html]
[www.globalcu.org/community/index57ff.html]
[www.globalcu.org/community/index78d2.html]
[www.globalcu.org/community/index0f30.html]
[www.globalcu.org/community/index42ae.html]
[www.globalcu.org/community/indexab9d.html]
[www.globalcu.org/community/indexbd40.html]
[www.globalcu.org/community/indexbe08.html]
[www.globalcu.org/community/indexf0a9.html]
[www.globalcu.org/community/index3c20.html]
[www.globalcu.org/community/index11e9.html]
[www.globalcu.org/community/indexc723.html]
[www.globalcu.org/community/index4441.html]
[www.globalcu.org/community/index72c0.html]
[www.globalcu.org/community/index5398.html]
[www.globalcu.org/community/indexc09a.html]
[www.globalcu.org/community/index6c21.html]
[www.globalcu.org/community/indexa3f6.html]
[www.globalcu.org/community/index0ffe.html]
[www.globalcu.org/community/index3304.html]
[www.globalcu.org/community/index53b5.html]
[www.globalcu.org/community/indexa479.html]
[www.globalcu.org/community/indexb45d.html]
[www.globalcu.org/community/indexdd2d.html]
[www.globalcu.org/community/index0a7c.html]
[www.globalcu.org/community/indexed6c.html]
[www.globalcu.org/community/index3a32.html]
[www.globalcu.org/community/index65f5.html]
[www.globalcu.org/home/curbappearl.html]
[www.globalcu.org/rdc/index.html]
[secure.ziplineinteractive.com/globalcu/core/files/globalcu/events/9bdbb78df2271b95592c578385e4198d.jpg]
[secure.ziplineinteractive.com/globalcu/core/files/globalcu/events/77154d1b93c52fa06aa4347e7d19ce00.jpg]
[www.globalcu.org/community/indexaebc.html]
[www.globalcu.org/community/indexb0e1.html]
[www.globalcu.org/community/index6b6e.html]
[www.globalcu.org/community/indexc5c0.html]
[www.globalcu.org/community/index9ee3.html]
[www.globalcu.org/community/index18bd.html]
[www.globalcu.org/community/index6b8e.html]
[www.globalcu.org/community/index13b9.html]
[www.globalcu.org/community/indexc34c.html]
[www.globalcu.org/community/indexcab2.html]
[www.globalcu.org/community/index11ce.html]
[www.globalcu.org/community/index3575.html]
[www.globalcu.org/community/index4821.html]
[www.globalcu.org/community/index6540.html]
[www.globalcu.org/community/indexb9a3.html]
[www.globalcu.org/community/index8b9f.html]
[www.globalcu.org/community/index91e1.html]
[www.globalcu.org/community/indexc9fe.html]
[www.globalcu.org/community/index0e6c.html]
[www.globalcu.org/community/index5a38.html]
[www.globalcu.org/community/index2ea8.html]
[www.globalcu.org/community/indexf04e.html]
[www.globalcu.org/community/indexda94.html]
[www.globalcu.org/community/indexeb48.html]
[www.globalcu.org/community/index7dc3.html]
[www.globalcu.org/community/indexf195.html]
[www.globalcu.org/community/index0df2.html]
[www.globalcu.org/community/index6d5b.html]
[www.globalcu.org/community/indexd0d2.html]
[www.globalcu.org/community/indexa773.html]
[www.globalcu.org/community/index2191.html]
[www.globalcu.org/community/index60bd.html]
[www.globalcu.org/community/indexd728.html]
[www.globalcu.org/community/index9bf4.html]
[www.globalcu.org/community/indexd8ea.html]
[www.globalcu.org/community/indexaf83.html]
[www.globalcu.org/community/index6a79.html]
[www.globalcu.org/community/index989e.html]
[www.globalcu.org/community/index559b.html]
[www.globalcu.org/community/index6d5c.html]
[www.globalcu.org/community/indexad0c.html]
[www.globalcu.org/community/index8f5b.html]
[www.globalcu.org/community/index4c6c.html]
[www.globalcu.org/community/indexef7d.html]
[www.globalcu.org/community/indexa8cf.html]
[www.globalcu.org/community/index2b5b.html]
[www.globalcu.org/community/index5ec6.html]
[www.globalcu.org/community/index3793.html]
[www.globalcu.org/community/index5802.html]
[www.globalcu.org/community/index065e.html]
[www.globalcu.org/community/index5e36.html]
[www.globalcu.org/community/index27fe.html]
[www.globalcu.org/community/index8a7f.html]
[www.globalcu.org/community/index3f1a.html]
[www.globalcu.org/community/index79d9.html]
[www.globalcu.org/community/indexede9.html]
[www.globalcu.org/community/indexb27b.html]
[www.globalcu.org/community/index6d82.html]
[www.globalcu.org/community/index1ebe.html]
